<?xml version="1.0" encoding="UTF-8"?>
<testsuites>
	<testsuite tests="3" failures="0" time="0.310000" name="github.com/benc-uk/vuego-demoapp">
		<properties>
			<property name="go.version" value="go1.15.1 linux/amd64"></property>
		</properties>
		<testcase classname="github.com/benc-uk/vuego-demoapp" name="TestApiInfoRoute" time="0.000000"></testcase>
		<testcase classname="github.com/benc-uk/vuego-demoapp" name="TestWeatherRoute" time="0.310000"></testcase>
		<testcase classname="github.com/benc-uk/vuego-demoapp" name="TestSpaRoute" time="0.000000"></testcase>
	</testsuite>
</testsuites>